SQL> CREATE TABLE employee AS SELECT * FROM emp WHERE 1=3;

Table created.

SQL> DESC employee;
 Name                                                                                                                                                                                                        Null?    Type
 ----------------------------------------------------------------------------------------------------------------------------------------------------------------------------------------------------------- -------- ----------------------------------------------------------------------------------------------------------------------------------------
 EMPNO                                                                                                                                                                                                       NOT NULL NUMBER(4)
 ENAME                                                                                                                                                                                                                VARCHAR2(10)
 JOB                                                                                                                                                                                                                  VARCHAR2(9)
 MGR                                                                                                                                                                                                                  NUMBER(4)
 HIREDATE                                                                                                                                                                                                             DATE
 SAL                                                                                                                                                                                                                  NUMBER(7,2)
 COMM                                                                                                                                                                                                                 NUMBER(7,2)
 DEPTNO                                                                                                                                                                                                               NUMBER(2)

SQL> INSERT INTO employee SELECT empno,ename,sal,deptno FROM emp;
INSERT INTO employee SELECT empno,ename,sal,deptno FROM emp
            *
ERROR at line 1:
ORA-00947: not enough values 


SQL> INSERT INTO employee(empno,ename,sal,deptno) SELECT empno,ename,sal,deptno FROM emp;

14 rows created.

SQL> SELECT * FROM employee;

     EMPNO ENAME      JOB              MGR HIREDATE         SAL       COMM     DEPTNO                                                                                                                                                                                                                                                                         
---------- ---------- --------- ---------- --------- ---------- ---------- ----------                                                                                                                                                                                                                                                                         
      7369 SMITH                                            800                    20                                                                                                                                                                                                                                                                         
      7499 ALLEN                                           1600                    30                                                                                                                                                                                                                                                                         
      7521 WARD                                            1250                    30                                                                                                                                                                                                                                                                         
      7566 JONES                                           2975                    20                                                                                                                                                                                                                                                                         
      7654 MARTIN                                          1250                    30                                                                                                                                                                                                                                                                         
      7698 BLAKE                                           2850                    30                                                                                                                                                                                                                                                                         
      7782 CLARK                                           2450                    10                                                                                                                                                                                                                                                                         
      7788 SCOTT                                           3000                    20                                                                                                                                                                                                                                                                         
      7839 KING                                            5000                    10                                                                                                                                                                                                                                                                         
      7844 TURNER                                          1500                    30                                                                                                                                                                                                                                                                         
      7876 ADAMS                                           1100                    20                                                                                                                                                                                                                                                                         
      7900 JAMES                                            950                    30                                                                                                                                                                                                                                                                         
      7902 FORD                                            3000                    20                                                                                                                                                                                                                                                                         
      7934 MILLER                                          1300                    10                                                                                                                                                                                                                                                                         

14 rows selected.

SQL> UPDATE employee SET job=(SELECT job FROM employee WHERE empno=7788),deptno=(SELECT deptno FROM employee WHERE empno=7788) WHERE empno=7698;

1 row updated.

SQL> SELECT * FROM employee;

     EMPNO ENAME      JOB              MGR HIREDATE         SAL       COMM     DEPTNO                                                                                                                                                                                                                                                                         
---------- ---------- --------- ---------- --------- ---------- ---------- ----------                                                                                                                                                                                                                                                                         
      7369 SMITH                                            800                    20                                                                                                                                                                                                                                                                         
      7499 ALLEN                                           1600                    30                                                                                                                                                                                                                                                                         
      7521 WARD                                            1250                    30                                                                                                                                                                                                                                                                         
      7566 JONES                                           2975                    20                                                                                                                                                                                                                                                                         
      7654 MARTIN                                          1250                    30                                                                                                                                                                                                                                                                         
      7698 BLAKE                                           2850                    20                                                                                                                                                                                                                                                                         
      7782 CLARK                                           2450                    10                                                                                                                                                                                                                                                                         
      7788 SCOTT                                           3000                    20                                                                                                                                                                                                                                                                         
      7839 KING                                            5000                    10                                                                                                                                                                                                                                                                         
      7844 TURNER                                          1500                    30                                                                                                                                                                                                                                                                         
      7876 ADAMS                                           1100                    20                                                                                                                                                                                                                                                                         
      7900 JAMES                                            950                    30                                                                                                                                                                                                                                                                         
      7902 FORD                                            3000                    20                                                                                                                                                                                                                                                                         
      7934 MILLER                                          1300                    10                                                                                                                                                                                                                                                                         

14 rows selected.

SQL> DELETE FROM department_master WHERE dept_name='sales';

0 rows deleted.

SQL> UPDATE employee SET deptno=(SELECT deptno FROM employee WHERE empno=7698) WHERE empno=7788;

1 row updated.

SQL> INSERT INTO employee VALUES(&empno,'&empname','&job','&mgr','&hiredate',&sal,&comm,&deptno);
Enter value for empno: 1000
Enter value for empname: Allen
Enter value for job: Clerk
Enter value for mgr: 1001
Enter value for hiredate: 12-jan-01
Enter value for sal: 3000
Enter value for comm: 2
Enter value for deptno: 10
old   1: INSERT INTO employee VALUES(&empno,'&empname','&job','&mgr','&hiredate',&sal,&comm,&deptno)
new   1: INSERT INTO employee VALUES(1000,'Allen','Clerk','1001','12-jan-01',3000,2,10)

1 row created.


SQL> /
Enter value for empno: 1001
Enter value for empname: George
Enter value for job: analyst
Enter value for mgr: 
Enter value for hiredate: 08-sep-92
Enter value for sal: 5000
Enter value for comm: 0
Enter value for deptno: 10
old   1: INSERT INTO employee VALUES(&empno,'&empname','&job','&mgr','&hiredate',&sal,&comm,&deptno)
new   1: INSERT INTO employee VALUES(1001,'George','analyst','','08-sep-92',5000,0,10)

1 row created.

SQL> /
Enter value for empno: 1002
Enter value for empname: becker
Enter value for job: manager
Enter value for mgr: 1000
Enter value for hiredate: 4-nov-92
Enter value for sal: 2800
Enter value for comm: 4
Enter value for deptno: 20
old   1: INSERT INTO employee VALUES(&empno,'&empname','&job','&mgr','&hiredate',&sal,&comm,&deptno)
new   1: INSERT INTO employee VALUES(1002,'becker','manager','1000','4-nov-92',2800,4,20)

1 row created.

SQL> /
Enter value for empno: 1003
Enter value for empname: bill
Enter value for job: clerk
Enter value for mgr: 1002
Enter value for hiredate: 4-nov-92
Enter value for sal: 3000
Enter value for comm: 0
Enter value for deptno: 20
old   1: INSERT INTO employee VALUES(&empno,'&empname','&job','&mgr','&hiredate',&sal,&comm,&deptno)
new   1: INSERT INTO employee VALUES(1003,'bill','clerk','1002','4-nov-92',3000,0,20)

1 row created.

SQL> spool off;

CREATE OR REPLACE TRIGGER display_salary_changes 
BEFORE DELETE OR INSERT OR UPDATE ON customers 
FOR EACH ROW 
WHEN (NEW.ID > 0) 
DECLARE 
   sal_diff number; 
BEGIN 
   sal_diff := :NEW.salary  - :OLD.salary; 
   dbms_output.put_line('Old salary: ' || :OLD.salary); 
   dbms_output.put_line('New salary: ' || :NEW.salary); 
   dbms_output.put_line('Salary difference: ' || sal_diff); 
END; 
/ 


var fruits = ["Banana", "Orange", "Apple", "Mango"];
document.getElementById("demo").innerHTML = fruits.toString();
